
> contagem-tempo@0.1.0 build
> next build

Ôû▓ Next.js 16.2.1 (Turbopack)
- Environments: .env.local, .env

  Creating an optimized production build ...
node.exe : 
No linha:1 caractere:1
+ & "C:\Program Files\nodejs/node.exe" "C:\Program Files\nodejs/node_mo ...
+ ~~~~~~~~~~~~~~~~~~~~~~~~~~~~~~~~~~~~~~~~~~~~~~~~~~~~~~~~~~~~~~~~~~~~~
    + CategoryInfo          : NotSpecified: (:String) [], RemoteException
    + FullyQualifiedErrorId : NativeCommandError
 
> Build error occurred
Error: Turbopack build failed with 1 errors:
./lib/gerarWord.ts:275:3
Expected ',', got 'const'
  [90m273 |[0m
  [90m274 |[0m   [90m// Gera e baixa o documento[0m
[31m[1m>[0m [90m275 |[0m   [36mconst[0m blob = [36mawait[0m 
[33mPacker[0m.toBlob(doc);
  [90m    |[0m   [31m[1m^^^^^[0m
  [90m276 |[0m   [36mconst[0m nomeArquivo = 
[32m`Fixacao_Encargos_[0m${dados.nomeFunc[32m}_[0m${[36mnew[0m 
[33mDate[0m().toISOString().spli..[32m.[0m
  [90m277 |[0m   saveAs(blob, nomeArquivo);
  [90m278 |[0m }

Parsing ecmascript source code failed

Import traces:
  Client Component Browser:
    ./lib/gerarWord.ts [Client Component Browser]
    ./app/components/ContagemTempoApp.tsx [Client Component Browser]
    ./app/components/ContagemTempoApp.tsx [Server Component]
    ./app/page.tsx [Server Component]

  Client Component SSR:
    ./lib/gerarWord.ts [Client Component SSR]
    ./app/components/ContagemTempoApp.tsx [Client Component SSR]
    ./app/components/ContagemTempoApp.tsx [Server Component]
    ./app/page.tsx [Server Component]


    at <unknown> (./lib/gerarWord.ts:275:3)
